agave
gpick
zsh
zsh-antigen
zsh-syntax-highlighting
bash
bash-completion
powerline
vim
vim-nox
curl
python-ipython
python3-ipython
wget
python-pip
git
build-essential
python-pygments
sakura
terminator
i3
i3-wm
nitrogen
x11-xserver-utils
xbase-clients
xorg
xdg-user-dirs
tmux
tmux-plugin-manager
xcape
ranger
command-not-found
fonts-freefont-ttf
libnotify-bin
xclip
pulseaudio
pasystray
pavucontrol
network-manager-gnome
exuberant-ctags
cmake
python
python-dev
composer
tilix
ninja-ide
python3-dev
xbuilder
mono-xbuild
gocode
golang-go
vim
vim-tabular
vim-vimerl
vim-fugitive
vim-runtime
vim-command-t
vim-asciidoc
vim-ultisnips
vim-pathogen
vim-gocomplete
vim-gtk3
vim-icinga2
vim-conque
vim-migemo
vim-addon-manager
vim-tlib
vim-khuno
vim-athena
vim-rails
vim-lastplace
vim-gnome
vim-editorconfig
vim-vimerl-syntax
vim-gtk
vim-youcompleteme
vim-latexsuite
vim-snipmate
vim-addon-mw-utils
vim-python-jedi
vim-nox
vim-voom
vim-vimoutliner
vim-haproxy
vim-syntax-gtk
vim-snippets
vim-tjp
vim-autopep8
vim-ctrlp
vim-syntastic
vim-scripts
python-bottle
python-jedi
python-ipaddress
python-waitress
python-frozendict
python3-future
python3-pyflakes
python-cryptography
python-enum34
python3-flake8
python-future
python-openssl
python3-pycodestyle
python-pyflakes
python3-setuptools
python-urllib3
python3-mccabe
python-pyasn1
python-setuptools
python-idna
python-pep8
python-autopep8
python3-frozendict
python-powerline
python-powerline-taskwarrior
python3-powerline
python3-powerline-taskwarrior
python-pip
nodejs
flake8
rake
ruby
bundler
ycmd
tk
erlang-base
editorconfig
gocode
ruby-minitest
nkf
pycodestyle
tcl
node-typescript
zip
ruby-power-assert
fonts-lmodern
pep8
rubygems-integration
pyflakes
pyflakes3
libxml-writer-perl
gvfs-bin
gedit
gedit-plugins
fonts-hack-ttf
