php
php-cli
libapache2-mod-php
php-gd
php-gmp
php-curl
php-pgsql
php-sqlite3
php-intl
php-mbstring
php-xml
php-xdebug
php-json
php-zip
php-mongodb
php-imap
php-http-httplug
php-http-message-factory
php-http-promise
php-http-psr7-integration-tests
php-httpful
php-pecl-http
php-psr-http-client
php-psr-http-factory
php-psr-http-message
fonts-glyphicons-halflings
libjs-bootstrap
libmemcached11
libmemcachedutil2
libphp-adodb
libsass1
libxmlrpc-epi0
php-auth-sasl
php-cgi
php-cocur-slugify
php-codecoverage
php-codesniffer
php-date
php-deepcopy
php-directory-scanner
php-doctrine-instantiator
php-dompdf
php-file-iterator
php-font-lib
php-fpdf
php-gnupg
php-igbinary
php-image-text
php-imagick
php-interbase
php-invoker
php-mail
php-mailparse
php-markdown
php-memcache
php-memcached
php-msgpack
php-net-ftp
php-net-idna2
php-net-imap
php-net-smtp
php-net-socket
php-net-url
php-net-url2
php-net-whois
php-nrk-predis
php-oauth
php-odbc
php-parser
php-patchwork-utf8
php-pclzip
php-phar-io-manifest
php-phar-io-version
php-phpdocumentor-reflection-common
php-phpdocumentor-reflection-docblock
php-phpdocumentor-type-resolver
php-phpspec-prophecy
php-ps
php-pspell
php-psr-cache
php-psr-container
php-psr-http-message
php-psr-link
php-random-compat
php-raphf
php-sass
php-ssh2
php-symfony-yaml
php-text-template
php-timer
php-token-stream
php-tokenizer
php-uploadprogress
php-uuid
php-validate
php-webmozart-assert
php-xajax
php-xml-htmlsax3
php-xml-svg
php-xmlrpc
php-yaml
php-zeta-base
php-zeta-console-tools
phpqrcode
phpunit-dbunit
phpunit-git
phpab
phppgadmin
phpunit
phpunit-code-unit-reverse-lookup
phpunit-comparator
phpunit-dbunit
phpunit-diff
phpunit-environment
phpunit-exporter
phpunit-global-state
phpunit-object-enumerator
phpunit-object-reflector
phpunit-recursion-context
phpunit-resource-operations
phpunit-version
pslib1
sdop
ttf-dejavu-core
libcurl3-nss
libmsv1
parser3-common
php-mdb2
php-mdb2-driver-mysql
php-mdb2-driver-pgsql
libsass1
php-cocur-slugify
php-codesniffer
php-date
php-db-dataobject
php-directory-scanner
php-ds
php-embed
php-fabiang-sasl
php-facedetect
php-htmlpurifier
php-nesbot-carbon
php-oauth
php-psr-http-message
php-redis
php-uploadprogress
php-uuid
php-validate
php-yaml
composer
php7.3
libapache2-mod-php7.3
libphp7.3-embed
php7.3-bcmath
php7.3-bz2
php7.3-cgi
php7.3-cli
php7.3-curl
php7.3-dba
php7.3-enchant
php7.3-fpm
php7.3-gd
php7.3-gmp
php7.3-imap
php7.3-interbase
php7.3-intl
php7.3-json
php7.3-ldap
php7.3-mbstring
php7.3-mysql
php7.3-odbc
php7.3-opcache
php7.3-pgsql
php7.3-phpdbg
php7.3-pspell
php7.3-readline
php7.3-recode
php7.3-snmp
php7.3-soap
php7.3-sqlite3
php7.3-sybase
php7.3-tidy
php7.3-xdebug
php7.3-xml
php7.3-xmlrpc
php7.3-xsl
php7.3-zip
php7.3-bcmath
php7.3-bz2
php7.3-cgi
php7.3-interbase
php7.3-odbc
php7.3-pspell
php7.3-xmlrpc
php7.3-dba
php7.3-enchant
php7.3-fpm
php7.3-interbase
php7.3-odbc
php7.3-pspell
php7.3-snmp
php7.3-xmlrpc
php7.3-xsl
php7.3-imagick
php7.4
libapache2-mod-php7.4
libphp7.4-embed
php7.4-bcmath
php7.4-bz2
php7.4-cgi
php7.4-cli
php7.4-curl
php7.4-dba
php7.4-enchant
php7.4-fpm
php7.4-gd
php7.4-gmp
php7.4-imap
php7.4-interbase
php7.4-intl
php7.4-json
php7.4-ldap
php7.4-mbstring
php7.4-mysql
php7.4-odbc
php7.4-opcache
php7.4-pgsql
php7.4-phpdbg
php7.4-pspell
php7.4-readline
php7.4-snmp
php7.4-soap
php7.4-sqlite3
php7.4-sybase
php7.4-tidy
php7.4-xdebug
php7.4-xml
php7.4-xmlrpc
php7.4-xsl
php7.4-zip
php7.4-imagick
php8.0
libapache2-mod-php8.0
libphp8.0-embed
php8.0-bcmath
php8.0-bz2
php8.0-cgi
php8.0-cli
php8.0-curl
php8.0-dba
php8.0-enchant
php8.0-fpm
php8.0-gd
php8.0-gmp
php8.0-imap
php8.0-interbase
php8.0-intl
php8.0-ldap
php8.0-mbstring
php8.0-mysql
php8.0-odbc
php8.0-opcache
php8.0-pgsql
php8.0-phpdbg
php8.0-pspell
php8.0-readline
php8.0-snmp
php8.0-soap
php8.0-sqlite3
php8.0-sybase
php8.0-tidy
php8.0-xdebug
php8.0-xml
php8.0-xsl
php8.0-zip
php8.0-imagick
php8.2-bcmath
php8.2-bz2
php8.2-cgi
php8.2-cli
php8.2-curl
php8.2-dba
php8.2-enchant
php8.2-fpm
php8.2-gd
php8.2-gmp
php8.2-imap
php8.2-interbase
php8.2-intl
php8.2-ldap
php8.2-mbstring
php8.2-mysql
php8.2-odbc
php8.2-opcache
php8.2-pgsql
php8.2-phpdbg
php8.2-pspell
php8.2-readline
php8.2-snmp
php8.2-soap
php8.2-sqlite3
php8.2-sybase
php8.2-tidy
php8.2-xdebug
php8.2-xml
php8.2-xsl
php8.2-zip
php8.2-imagick
php8.3-bcmath
php8.3-bz2
php8.3-cgi
php8.3-cli
php8.3-curl
php8.3-dba
php8.3-enchant
php8.3-fpm
php8.3-gd
php8.3-gmp
php8.3-imap
php8.3-interbase
php8.3-intl
php8.3-ldap
php8.3-mbstring
php8.3-mysql
php8.3-odbc
php8.3-opcache
php8.3-pgsql
php8.3-phpdbg
php8.3-pspell
php8.3-readline
php8.3-snmp
php8.3-soap
php8.3-sqlite3
php8.3-sybase
php8.3-tidy
php8.3-xdebug
php8.3-xml
php8.3-xsl
php8.3-zip
php8.3-imagick