atom-bootstrap3
atom-ide-ui
atom-ternjs
atom-yii2
auto-detect-indentation
autoclose-html
autocomplete-bash-builtins
autocomplete-js-import
autocomplete-modules
autocomplete-php
autocomplete-plus-python-jedi
autocomplete-python
browser-plus
busy-signal
color-picker
dash
docblockr
emmet
file-icons
ide-css
ide-json
ide-php
ide-python
intentions
javascript-snippets
jumpy
language-pgsql
language-perl
language-html
language-css
language-javascript
language-json
language-go
language-ruby
language-ruby-on-rails
language-shellscript
language-source
language-sql
language-text
language-todo
language-typescript
language-xml
language-yaml
open-html-in-browser
markdown-preview
monokai
nuclide
nuclide-format-js
pigments
php-integrator-autocomplete-plus-legacy-php56
php-integrator-base-legacy-php56
php-integrator-call-tips-legacy-php56
php-integrator-linter-legacy-php56
php-integrator-navigation-legacy-php56
php-integrator-refactoring-legacy-php56
php-integrator-tooltips-legacy-php56
python-indent
python-tools
php-debug
project-manager
project-manager-ide
symbols-list
toggle-quotes
template-generator
toggle-quotes
wrap-guide
