atom-autocompletion-legacy-php56
atom-base-legacy-php56
atom-bootstrap3
atom-call-tips-legacy-php56
atom-i18n
atom-ide-ui
atom-linter-legacy-php56
atom-navigation-legacy-php56
atom-refactoring-legacy-php56
atom-ternjs
atom-tooltips-legacy-php56
atom-yii2
auto-detect-indentation
autoclose-html
autocomplete-bash-builtins
autocomplete-js-import
autocomplete-modules
autocomplete-php
autocomplete-plus-python-jedi
autocomplete-python
browser-plus
busy-signal
color-picker
dash
docblockr
emmet
file-icons
ide-css
ide-json
ide-php
ide-python
intentions
javascript-snippets
jumpy
language-pgsql
language-php
languaje-perl
language-python
language-html
language-css
languaje-javascript
languaje-json
languaje-go
languaje-ruby
languaje-ruby-on-rails
languaje-shellscript
languaje-source
languaje-sql
languaje-text
languaje-todo
languaje-typescript
languaje-xml
languaje-yaml
open-html-in-browser
markdown-preview
monokai
nuclide
nuclide-format-js
pigments
python-indent
python-tools
php-debug
project-manager
project-manager-ide
symbols-list
toggle-quotes
template-generator
toggle-quotes
wrap-guide
